[panel.direct-hosting.co_591/homeca6f.html]
[backblue.gif]
[fade.gif]
[index.html]
[panel.direct-hosting.co_591/themes/Flat/style.css]
[www.w3.org/1999/xhtml/index.html]
[panel.direct-hosting.co_591/themes/Flat/images/favicon.ico]
[maxcdn.bootstrapcdn.com/font-awesome/4.5.0/css/font-awesome.min.css]
[panel.direct-hosting.co_591/css/global.css]
[panel.direct-hosting.co_591/js/jquery/ui/jquery-ui.min.css]
[panel.direct-hosting.co_591/js/magnific/magnific.css]
[panel.direct-hosting.co_591/js/jquery/jquery.min.js]
[panel.direct-hosting.co_591/js/jquery/ui/jquery-ui.min.js]
[panel.direct-hosting.co_591/js/magnific/magnific.js]
[panel.direct-hosting.co_591/js/jquery/plugins/jquery.tablesorter.collapsible.js]
[panel.direct-hosting.co_591/js/jquery/plugins/jquery.quicksearch.js]
[panel.direct-hosting.co_591/js/jquery/plugins/jquery.tablesorter.min.js]
[panel.direct-hosting.co_591/js/global.js]
[panel.direct-hosting.co_591/themes/Flat/css/pace.css]
[panel.direct-hosting.co_591/themes/Flat/css/colpick.css]
[panel.direct-hosting.co_591/themes/Flat/js/pace.min.js]
[panel.direct-hosting.co_591/themes/Flat/js/colpick.js]
[panel.direct-hosting.co_591/themes/Flat/js/cookie.js]
[panel.direct-hosting.co_591/themes/Flat/js/skin.js]
[panel.direct-hosting.co_591/themes/Flat/images/logo.png]
[panel.direct-hosting.co_591/themes/Flat/js/Flat.js]
[panel.direct-hosting.co_591/index.html]
[panel.direct-hosting.co_591/homeca6f.html]
[direct-hosting.net/discord.html]
[www.w3.org/1999/xhtml/index.html]
[panel.direct-hosting.co_591/themes/Flat/images/topBanner.png]
[panel.direct-hosting.co_591/themes/Flat/images/menu/customtab1.png]
[panel.direct-hosting.co_591/themes/Flat/images/collapse.png]
[panel.direct-hosting.co_591/themes/Flat/images/footer-bg.png]
[panel.direct-hosting.co_591/themes/Flat/images/bottomLinks-bg.png]
[panel.direct-hosting.co_591/themes/Flat/images/asc.gif]
[panel.direct-hosting.co_591/themes/Flat/images/desc.gif]
[panel.direct-hosting.co_591/themes/Flat/images/light-bg.png]
[panel.direct-hosting.co_591/themes/Flat/images/dark-bg.png]
[panel.direct-hosting.co_591/themes/Flat/style.css]
[maxcdn.bootstrapcdn.com/font-awesome/4.5.0/css/font-awesome.min.css]
[panel.direct-hosting.co_591/images/os/win32.png]
[panel.direct-hosting.co_591/images/os/linux32.png]
[panel.direct-hosting.co_591/images/os/win64.png]
[panel.direct-hosting.co_591/images/os/linux64.png]
[panel.direct-hosting.co_591/css/global.css]
[panel.direct-hosting.co_591/js/jquery/ui/images/ui-icons_444444_256x240.png]
[panel.direct-hosting.co_591/js/jquery/ui/images/ui-icons_777777_256x240.png]
[panel.direct-hosting.co_591/js/jquery/ui/images/ui-icons_555555_256x240.png]
[panel.direct-hosting.co_591/js/jquery/ui/images/ui-icons_ffffff_256x240.png]
[panel.direct-hosting.co_591/js/jquery/ui/images/ui-icons_777620_256x240.png]
[panel.direct-hosting.co_591/js/jquery/ui/images/ui-icons_cc0000_256x240.png]
[panel.direct-hosting.co_591/js/jquery/ui/jquery-ui.min.css]
[panel.direct-hosting.co_591/js/magnific/magnific.css]
[panel.direct-hosting.co_591/themes/Flat/css/pace.css]
[panel.direct-hosting.co_591/themes/Flat/css/colpick.css]
[panel.direct-hosting.co_591/themes/Flat/modules/dashboard/dashboard.css]
[panel.direct-hosting.co_591/indexbd34.html]
[panel.direct-hosting.co_591/index.html]
[www.recaptcha.net/recaptcha/api85f1.js]
[direct-hosting.net/discord.html]
[www.opengamepanel.org/index.html]
[panel.direct-hosting.co_591/themes/Flat/modules/dashboard/dashboard.css]
[panel.direct-hosting.co_591/indexbd34.html]
[panel.direct-hosting.co_591/themes/Flat/modules/dashboard/assets/xml/ellipsis.html]
